* installing *source* package ‘rxylib’ ...
** this is package ‘rxylib’ version ‘0.2.14.9000-12’
** using staged installation
** libs
specified C++20
using C++ compiler: ‘Apple clang version 21.0.0 (clang-2100.3.34.2)’
using C++20
using SDK: ‘MacOSX27.0.sdk’
clang++ -arch arm64 -std=gnu++20 -I"/Library/Frameworks/R.framework/Resources/include" -DNDEBUG  -I'/Library/Frameworks/R.framework/Versions/4.7/Resources/library/Rcpp/include' -I'/Library/Frameworks/R.framework/Versions/4.7/Resources/library/BH/include' -I/opt/homebrew/include   -I../inst/include/ -I../inst/include/xylib/ -DDISABLE_STDERR_WARNINGS  -fPIC  -falign-functions=64 -Wall -g -O2   -c read_data.cpp -o read_data.o
clang++ -arch arm64 -std=gnu++20 -I"/Library/Frameworks/R.framework/Resources/include" -DNDEBUG  -I'/Library/Frameworks/R.framework/Versions/4.7/Resources/library/Rcpp/include' -I'/Library/Frameworks/R.framework/Versions/4.7/Resources/library/BH/include' -I/opt/homebrew/include   -I../inst/include/ -I../inst/include/xylib/ -DDISABLE_STDERR_WARNINGS  -fPIC  -falign-functions=64 -Wall -g -O2   -c get_supportedFormats.cpp -o get_supportedFormats.o
clang++ -arch arm64 -std=gnu++20 -I"/Library/Frameworks/R.framework/Resources/include" -DNDEBUG  -I'/Library/Frameworks/R.framework/Versions/4.7/Resources/library/Rcpp/include' -I'/Library/Frameworks/R.framework/Versions/4.7/Resources/library/BH/include' -I/opt/homebrew/include   -I../inst/include/ -I../inst/include/xylib/ -DDISABLE_STDERR_WARNINGS  -fPIC  -falign-functions=64 -Wall -g -O2   -c get_version.cpp -o get_version.o
clang++ -arch arm64 -std=gnu++20 -I"/Library/Frameworks/R.framework/Resources/include" -DNDEBUG  -I'/Library/Frameworks/R.framework/Versions/4.7/Resources/library/Rcpp/include' -I'/Library/Frameworks/R.framework/Versions/4.7/Resources/library/BH/include' -I/opt/homebrew/include   -I../inst/include/ -I../inst/include/xylib/ -DDISABLE_STDERR_WARNINGS  -fPIC  -falign-functions=64 -Wall -g -O2   -c get_meta_DataSet.cpp -o get_meta_DataSet.o
clang++ -arch arm64 -std=gnu++20 -I"/Library/Frameworks/R.framework/Resources/include" -DNDEBUG  -I'/Library/Frameworks/R.framework/Versions/4.7/Resources/library/Rcpp/include' -I'/Library/Frameworks/R.framework/Versions/4.7/Resources/library/BH/include' -I/opt/homebrew/include   -I../inst/include/ -I../inst/include/xylib/ -DDISABLE_STDERR_WARNINGS  -fPIC  -falign-functions=64 -Wall -g -O2   -c get_block_names.cpp -o get_block_names.o
clang++ -arch arm64 -std=gnu++20 -I"/Library/Frameworks/R.framework/Resources/include" -DNDEBUG  -I'/Library/Frameworks/R.framework/Versions/4.7/Resources/library/Rcpp/include' -I'/Library/Frameworks/R.framework/Versions/4.7/Resources/library/BH/include' -I/opt/homebrew/include   -I../inst/include/ -I../inst/include/xylib/ -DDISABLE_STDERR_WARNINGS  -fPIC  -falign-functions=64 -Wall -g -O2   -c RcppExports.cpp -o RcppExports.o
clang++ -arch arm64 -std=gnu++20 -I"/Library/Frameworks/R.framework/Resources/include" -DNDEBUG  -I'/Library/Frameworks/R.framework/Versions/4.7/Resources/library/Rcpp/include' -I'/Library/Frameworks/R.framework/Versions/4.7/Resources/library/BH/include' -I/opt/homebrew/include   -I../inst/include/ -I../inst/include/xylib/ -DDISABLE_STDERR_WARNINGS  -fPIC  -falign-functions=64 -Wall -g -O2   -c xylib/bruker_raw.cpp -o xylib/bruker_raw.o
clang++ -arch arm64 -std=gnu++20 -I"/Library/Frameworks/R.framework/Resources/include" -DNDEBUG  -I'/Library/Frameworks/R.framework/Versions/4.7/Resources/library/Rcpp/include' -I'/Library/Frameworks/R.framework/Versions/4.7/Resources/library/BH/include' -I/opt/homebrew/include   -I../inst/include/ -I../inst/include/xylib/ -DDISABLE_STDERR_WARNINGS  -fPIC  -falign-functions=64 -Wall -g -O2   -c xylib/bruker_spc.cpp -o xylib/bruker_spc.o
clang++ -arch arm64 -std=gnu++20 -I"/Library/Frameworks/R.framework/Resources/include" -DNDEBUG  -I'/Library/Frameworks/R.framework/Versions/4.7/Resources/library/Rcpp/include' -I'/Library/Frameworks/R.framework/Versions/4.7/Resources/library/BH/include' -I/opt/homebrew/include   -I../inst/include/ -I../inst/include/xylib/ -DDISABLE_STDERR_WARNINGS  -fPIC  -falign-functions=64 -Wall -g -O2   -c xylib/cache.cpp -o xylib/cache.o
clang++ -arch arm64 -std=gnu++20 -I"/Library/Frameworks/R.framework/Resources/include" -DNDEBUG  -I'/Library/Frameworks/R.framework/Versions/4.7/Resources/library/Rcpp/include' -I'/Library/Frameworks/R.framework/Versions/4.7/Resources/library/BH/include' -I/opt/homebrew/include   -I../inst/include/ -I../inst/include/xylib/ -DDISABLE_STDERR_WARNINGS  -fPIC  -falign-functions=64 -Wall -g -O2   -c xylib/canberra_cnf.cpp -o xylib/canberra_cnf.o
clang++ -arch arm64 -std=gnu++20 -I"/Library/Frameworks/R.framework/Resources/include" -DNDEBUG  -I'/Library/Frameworks/R.framework/Versions/4.7/Resources/library/Rcpp/include' -I'/Library/Frameworks/R.framework/Versions/4.7/Resources/library/BH/include' -I/opt/homebrew/include   -I../inst/include/ -I../inst/include/xylib/ -DDISABLE_STDERR_WARNINGS  -fPIC  -falign-functions=64 -Wall -g -O2   -c xylib/canberra_mca.cpp -o xylib/canberra_mca.o
clang++ -arch arm64 -std=gnu++20 -I"/Library/Frameworks/R.framework/Resources/include" -DNDEBUG  -I'/Library/Frameworks/R.framework/Versions/4.7/Resources/library/Rcpp/include' -I'/Library/Frameworks/R.framework/Versions/4.7/Resources/library/BH/include' -I/opt/homebrew/include   -I../inst/include/ -I../inst/include/xylib/ -DDISABLE_STDERR_WARNINGS  -fPIC  -falign-functions=64 -Wall -g -O2   -c xylib/chiplot.cpp -o xylib/chiplot.o
clang++ -arch arm64 -std=gnu++20 -I"/Library/Frameworks/R.framework/Resources/include" -DNDEBUG  -I'/Library/Frameworks/R.framework/Versions/4.7/Resources/library/Rcpp/include' -I'/Library/Frameworks/R.framework/Versions/4.7/Resources/library/BH/include' -I/opt/homebrew/include   -I../inst/include/ -I../inst/include/xylib/ -DDISABLE_STDERR_WARNINGS  -fPIC  -falign-functions=64 -Wall -g -O2   -c xylib/cpi.cpp -o xylib/cpi.o
clang++ -arch arm64 -std=gnu++20 -I"/Library/Frameworks/R.framework/Resources/include" -DNDEBUG  -I'/Library/Frameworks/R.framework/Versions/4.7/Resources/library/Rcpp/include' -I'/Library/Frameworks/R.framework/Versions/4.7/Resources/library/BH/include' -I/opt/homebrew/include   -I../inst/include/ -I../inst/include/xylib/ -DDISABLE_STDERR_WARNINGS  -fPIC  -falign-functions=64 -Wall -g -O2   -c xylib/csv.cpp -o xylib/csv.o
clang++ -arch arm64 -std=gnu++20 -I"/Library/Frameworks/R.framework/Resources/include" -DNDEBUG  -I'/Library/Frameworks/R.framework/Versions/4.7/Resources/library/Rcpp/include' -I'/Library/Frameworks/R.framework/Versions/4.7/Resources/library/BH/include' -I/opt/homebrew/include   -I../inst/include/ -I../inst/include/xylib/ -DDISABLE_STDERR_WARNINGS  -fPIC  -falign-functions=64 -Wall -g -O2   -c xylib/dbws.cpp -o xylib/dbws.o
clang++ -arch arm64 -std=gnu++20 -I"/Library/Frameworks/R.framework/Resources/include" -DNDEBUG  -I'/Library/Frameworks/R.framework/Versions/4.7/Resources/library/Rcpp/include' -I'/Library/Frameworks/R.framework/Versions/4.7/Resources/library/BH/include' -I/opt/homebrew/include   -I../inst/include/ -I../inst/include/xylib/ -DDISABLE_STDERR_WARNINGS  -fPIC  -falign-functions=64 -Wall -g -O2   -c xylib/pdcif.cpp -o xylib/pdcif.o
clang++ -arch arm64 -std=gnu++20 -I"/Library/Frameworks/R.framework/Resources/include" -DNDEBUG  -I'/Library/Frameworks/R.framework/Versions/4.7/Resources/library/Rcpp/include' -I'/Library/Frameworks/R.framework/Versions/4.7/Resources/library/BH/include' -I/opt/homebrew/include   -I../inst/include/ -I../inst/include/xylib/ -DDISABLE_STDERR_WARNINGS  -fPIC  -falign-functions=64 -Wall -g -O2   -c xylib/philips_raw.cpp -o xylib/philips_raw.o
clang++ -arch arm64 -std=gnu++20 -I"/Library/Frameworks/R.framework/Resources/include" -DNDEBUG  -I'/Library/Frameworks/R.framework/Versions/4.7/Resources/library/Rcpp/include' -I'/Library/Frameworks/R.framework/Versions/4.7/Resources/library/BH/include' -I/opt/homebrew/include   -I../inst/include/ -I../inst/include/xylib/ -DDISABLE_STDERR_WARNINGS  -fPIC  -falign-functions=64 -Wall -g -O2   -c xylib/philips_udf.cpp -o xylib/philips_udf.o
clang++ -arch arm64 -std=gnu++20 -I"/Library/Frameworks/R.framework/Resources/include" -DNDEBUG  -I'/Library/Frameworks/R.framework/Versions/4.7/Resources/library/Rcpp/include' -I'/Library/Frameworks/R.framework/Versions/4.7/Resources/library/BH/include' -I/opt/homebrew/include   -I../inst/include/ -I../inst/include/xylib/ -DDISABLE_STDERR_WARNINGS  -fPIC  -falign-functions=64 -Wall -g -O2   -c xylib/riet7.cpp -o xylib/riet7.o
clang++ -arch arm64 -std=gnu++20 -I"/Library/Frameworks/R.framework/Resources/include" -DNDEBUG  -I'/Library/Frameworks/R.framework/Versions/4.7/Resources/library/Rcpp/include' -I'/Library/Frameworks/R.framework/Versions/4.7/Resources/library/BH/include' -I/opt/homebrew/include   -I../inst/include/ -I../inst/include/xylib/ -DDISABLE_STDERR_WARNINGS  -fPIC  -falign-functions=64 -Wall -g -O2   -c xylib/rigaku_dat.cpp -o xylib/rigaku_dat.o
clang++ -arch arm64 -std=gnu++20 -I"/Library/Frameworks/R.framework/Resources/include" -DNDEBUG  -I'/Library/Frameworks/R.framework/Versions/4.7/Resources/library/Rcpp/include' -I'/Library/Frameworks/R.framework/Versions/4.7/Resources/library/BH/include' -I/opt/homebrew/include   -I../inst/include/ -I../inst/include/xylib/ -DDISABLE_STDERR_WARNINGS  -fPIC  -falign-functions=64 -Wall -g -O2   -c xylib/specsxy.cpp -o xylib/specsxy.o
clang++ -arch arm64 -std=gnu++20 -I"/Library/Frameworks/R.framework/Resources/include" -DNDEBUG  -I'/Library/Frameworks/R.framework/Versions/4.7/Resources/library/Rcpp/include' -I'/Library/Frameworks/R.framework/Versions/4.7/Resources/library/BH/include' -I/opt/homebrew/include   -I../inst/include/ -I../inst/include/xylib/ -DDISABLE_STDERR_WARNINGS  -fPIC  -falign-functions=64 -Wall -g -O2   -c xylib/spectra.cpp -o xylib/spectra.o
clang++ -arch arm64 -std=gnu++20 -I"/Library/Frameworks/R.framework/Resources/include" -DNDEBUG  -I'/Library/Frameworks/R.framework/Versions/4.7/Resources/library/Rcpp/include' -I'/Library/Frameworks/R.framework/Versions/4.7/Resources/library/BH/include' -I/opt/homebrew/include   -I../inst/include/ -I../inst/include/xylib/ -DDISABLE_STDERR_WARNINGS  -fPIC  -falign-functions=64 -Wall -g -O2   -c xylib/text.cpp -o xylib/text.o
clang++ -arch arm64 -std=gnu++20 -I"/Library/Frameworks/R.framework/Resources/include" -DNDEBUG  -I'/Library/Frameworks/R.framework/Versions/4.7/Resources/library/Rcpp/include' -I'/Library/Frameworks/R.framework/Versions/4.7/Resources/library/BH/include' -I/opt/homebrew/include   -I../inst/include/ -I../inst/include/xylib/ -DDISABLE_STDERR_WARNINGS  -fPIC  -falign-functions=64 -Wall -g -O2   -c xylib/util.cpp -o xylib/util.o
clang++ -arch arm64 -std=gnu++20 -I"/Library/Frameworks/R.framework/Resources/include" -DNDEBUG  -I'/Library/Frameworks/R.framework/Versions/4.7/Resources/library/Rcpp/include' -I'/Library/Frameworks/R.framework/Versions/4.7/Resources/library/BH/include' -I/opt/homebrew/include   -I../inst/include/ -I../inst/include/xylib/ -DDISABLE_STDERR_WARNINGS  -fPIC  -falign-functions=64 -Wall -g -O2   -c xylib/uxd.cpp -o xylib/uxd.o
clang++ -arch arm64 -std=gnu++20 -I"/Library/Frameworks/R.framework/Resources/include" -DNDEBUG  -I'/Library/Frameworks/R.framework/Versions/4.7/Resources/library/Rcpp/include' -I'/Library/Frameworks/R.framework/Versions/4.7/Resources/library/BH/include' -I/opt/homebrew/include   -I../inst/include/ -I../inst/include/xylib/ -DDISABLE_STDERR_WARNINGS  -fPIC  -falign-functions=64 -Wall -g -O2   -c xylib/vamas.cpp -o xylib/vamas.o
clang++ -arch arm64 -std=gnu++20 -I"/Library/Frameworks/R.framework/Resources/include" -DNDEBUG  -I'/Library/Frameworks/R.framework/Versions/4.7/Resources/library/Rcpp/include' -I'/Library/Frameworks/R.framework/Versions/4.7/Resources/library/BH/include' -I/opt/homebrew/include   -I../inst/include/ -I../inst/include/xylib/ -DDISABLE_STDERR_WARNINGS  -fPIC  -falign-functions=64 -Wall -g -O2   -c xylib/winspec_spe.cpp -o xylib/winspec_spe.o
clang++ -arch arm64 -std=gnu++20 -I"/Library/Frameworks/R.framework/Resources/include" -DNDEBUG  -I'/Library/Frameworks/R.framework/Versions/4.7/Resources/library/Rcpp/include' -I'/Library/Frameworks/R.framework/Versions/4.7/Resources/library/BH/include' -I/opt/homebrew/include   -I../inst/include/ -I../inst/include/xylib/ -DDISABLE_STDERR_WARNINGS  -fPIC  -falign-functions=64 -Wall -g -O2   -c xylib/xfit_xdd.cpp -o xylib/xfit_xdd.o
clang++ -arch arm64 -std=gnu++20 -I"/Library/Frameworks/R.framework/Resources/include" -DNDEBUG  -I'/Library/Frameworks/R.framework/Versions/4.7/Resources/library/Rcpp/include' -I'/Library/Frameworks/R.framework/Versions/4.7/Resources/library/BH/include' -I/opt/homebrew/include   -I../inst/include/ -I../inst/include/xylib/ -DDISABLE_STDERR_WARNINGS  -fPIC  -falign-functions=64 -Wall -g -O2   -c xylib/xrdml.cpp -o xylib/xrdml.o
clang++ -arch arm64 -std=gnu++20 -I"/Library/Frameworks/R.framework/Resources/include" -DNDEBUG  -I'/Library/Frameworks/R.framework/Versions/4.7/Resources/library/Rcpp/include' -I'/Library/Frameworks/R.framework/Versions/4.7/Resources/library/BH/include' -I/opt/homebrew/include   -I../inst/include/ -I../inst/include/xylib/ -DDISABLE_STDERR_WARNINGS  -fPIC  -falign-functions=64 -Wall -g -O2   -c xylib/xsyg.cpp -o xylib/xsyg.o
clang++ -arch arm64 -std=gnu++20 -I"/Library/Frameworks/R.framework/Resources/include" -DNDEBUG  -I'/Library/Frameworks/R.framework/Versions/4.7/Resources/library/Rcpp/include' -I'/Library/Frameworks/R.framework/Versions/4.7/Resources/library/BH/include' -I/opt/homebrew/include   -I../inst/include/ -I../inst/include/xylib/ -DDISABLE_STDERR_WARNINGS  -fPIC  -falign-functions=64 -Wall -g -O2   -c xylib/xylib.cpp -o xylib/xylib.o
clang++ -arch arm64 -std=gnu++20 -dynamiclib -Wl,-headerpad_max_install_names -undefined dynamic_lookup -L/Library/Frameworks/R.framework/Resources/lib -L/opt/homebrew/lib -o rxylib.so read_data.o get_supportedFormats.o get_version.o get_meta_DataSet.o get_block_names.o RcppExports.o ./xylib/bruker_raw.o ./xylib/bruker_spc.o ./xylib/cache.o ./xylib/canberra_cnf.o ./xylib/canberra_mca.o ./xylib/chiplot.o ./xylib/cpi.o ./xylib/csv.o ./xylib/dbws.o ./xylib/pdcif.o ./xylib/philips_raw.o ./xylib/philips_udf.o ./xylib/riet7.o ./xylib/rigaku_dat.o ./xylib/specsxy.o ./xylib/spectra.o ./xylib/text.o ./xylib/util.o ./xylib/uxd.o ./xylib/vamas.o ./xylib/winspec_spe.o ./xylib/xfit_xdd.o ./xylib/xrdml.o ./xylib/xsyg.o ./xylib/xylib.o -F/Library/Frameworks/R.framework/.. -framework R
installing to /Users/kreutzer/GitHub/rxylib/rxylib.BuildResults/rxylib.Rcheck/00LOCK-rxylib/00new/rxylib/libs
** R
** inst
** byte-compile and prepare package for lazy loading
** help
*** installing help indices
*** copying figures
** building package indices
** testing if installed package can be loaded from temporary location
** checking absolute paths in shared objects and dynamic libraries
** testing if installed package can be loaded from final location
** testing if installed package keeps a record of temporary installation path
* DONE (rxylib)
